// Jest Snapshot v1, https://goo.gl/fbAQLP

exports[`TableTemplate > Parser simple template 1`] = `
Array [
  Array [
    Array [
      "16N",
    ],
    Array [
      "11N",
    ],
    Array [
      "26N",
    ],
  ],
  Array [
    Array [
      "16N",
    ],
    Array [
      "11N",
    ],
  ],
  Array [
    Array [
      "36T",
    ],
    Array [
      "31N",
    ],
  ],
  Array [
    Array [
      "36T",
    ],
    Array [
      "31N",
    ],
    Array [
      "46T",
    ],
  ],
]
`;
